#-----------------------------------------------------------
# Webtalk v2019.1 (64-bit)
# SW Build 2552052 on Fri May 24 14:49:42 MDT 2019
# IP Build 2548770 on Fri May 24 18:01:18 MDT 2019
# Start of session at: Sat Feb 19 16:40:05 2022
# Process ID: 13316
# Current directory: E:/STUDY/Books/Electronica/microcontrollers/BITS/Onukr Mutulu Computer Architecture/MIPS_local/MIPS/mips_CF_Byte_addressable/mips_CF_Byte_addressable/mips_CF_Byte_addressable.sim/sim_1/behav/xsim
# Command line: wbtcv.exe -mode batch -source E:/STUDY/Books/Electronica/microcontrollers/BITS/Onukr Mutulu Computer Architecture/MIPS_local/MIPS/mips_CF_Byte_addressable/mips_CF_Byte_addressable/mips_CF_Byte_addressable.sim/sim_1/behav/xsim/xsim.dir/r_mips_tb_behav/webtalk/xsim_webtalk.tcl -notrace
# Log file: E:/STUDY/Books/Electronica/microcontrollers/BITS/Onukr Mutulu Computer Architecture/MIPS_local/MIPS/mips_CF_Byte_addressable/mips_CF_Byte_addressable/mips_CF_Byte_addressable.sim/sim_1/behav/xsim/webtalk.log
# Journal file: E:/STUDY/Books/Electronica/microcontrollers/BITS/Onukr Mutulu Computer Architecture/MIPS_local/MIPS/mips_CF_Byte_addressable/mips_CF_Byte_addressable/mips_CF_Byte_addressable.sim/sim_1/behav/xsim\webtalk.jou
#-----------------------------------------------------------
source E:/STUDY/Books/Electronica/microcontrollers/BITS/Onukr -notrace
