#-----------------------------------------------------------
# Webtalk v2018.2 (64-bit)
# SW Build 2258646 on Thu Jun 14 20:03:12 MDT 2018
# IP Build 2256618 on Thu Jun 14 22:10:49 MDT 2018
# Start of session at: Sun Jan  9 12:31:44 2022
# Process ID: 8528
# Current directory: D:/Mips_workspace/MIPS/MIPS_Non_Control_Flow/mips_NonControlFlow_Full/mips_NonControlFlow_Full.sim/sim_1/behav/xsim
# Command line: wbtcv.exe -mode batch -source D:/Mips_workspace/MIPS/MIPS_Non_Control_Flow/mips_NonControlFlow_Full/mips_NonControlFlow_Full.sim/sim_1/behav/xsim/xsim.dir/register_file_tb_behav/webtalk/xsim_webtalk.tcl -notrace
# Log file: D:/Mips_workspace/MIPS/MIPS_Non_Control_Flow/mips_NonControlFlow_Full/mips_NonControlFlow_Full.sim/sim_1/behav/xsim/webtalk.log
# Journal file: D:/Mips_workspace/MIPS/MIPS_Non_Control_Flow/mips_NonControlFlow_Full/mips_NonControlFlow_Full.sim/sim_1/behav/xsim\webtalk.jou
#-----------------------------------------------------------
source D:/Mips_workspace/MIPS/MIPS_Non_Control_Flow/mips_NonControlFlow_Full/mips_NonControlFlow_Full.sim/sim_1/behav/xsim/xsim.dir/register_file_tb_behav/webtalk/xsim_webtalk.tcl -notrace
